// Jest Snapshot v1, https://goo.gl/fbAQLP

exports[`fixtures should match the snapshot 1`] = `
Object {
  "index.tsx": Array [
    Object {
      "rule": "block-no-empty",
      "severity": "error",
      "text": "Unexpected empty block (block-no-empty)",
    },
    Object {
      "rule": "color-hex-case",
      "severity": "error",
      "text": "Expected \\"#FFF\\" to be \\"#fff\\" (color-hex-case)",
    },
    Object {
      "rule": "color-hex-length",
      "severity": "error",
      "text": "Expected \\"#ffffff\\" to be \\"#fff\\" (color-hex-length)",
    },
    Object {
      "rule": "comment-empty-line-before",
      "severity": "error",
      "text": "Expected empty line before comment (comment-empty-line-before)",
    },
    Object {
      "rule": "declaration-block-semicolon-newline-after",
      "severity": "error",
      "text": "Expected newline after \\";\\" (declaration-block-semicolon-newline-after)",
    },
    Object {
      "rule": "declaration-block-trailing-semicolon",
      "severity": "error",
      "text": "Expected a trailing semicolon (declaration-block-trailing-semicolon)",
    },
    Object {
      "rule": "declaration-colon-space-after",
      "severity": "error",
      "text": "Expected single space after \\":\\" with a single-line declaration (declaration-colon-space-after)",
    },
    Object {
      "rule": "declaration-colon-space-before",
      "severity": "error",
      "text": "Unexpected whitespace before \\":\\" (declaration-colon-space-before)",
    },
    Object {
      "rule": "font-family-name-quotes",
      "severity": "error",
      "text": "Unexpected quotes around \\"Arial\\" (font-family-name-quotes)",
    },
    Object {
      "rule": "length-zero-no-unit",
      "severity": "error",
      "text": "Unexpected unit (length-zero-no-unit)",
    },
    Object {
      "rule": "number-leading-zero",
      "severity": "error",
      "text": "Expected a leading zero (number-leading-zero)",
    },
    Object {
      "rule": "property-case",
      "severity": "error",
      "text": "Expected \\"Width\\" to be \\"width\\" (property-case)",
    },
    Object {
      "rule": "selector-attribute-brackets-space-inside",
      "severity": "error",
      "text": "Unexpected whitespace after \\"[\\" (selector-attribute-brackets-space-inside)",
    },
    Object {
      "rule": "selector-attribute-brackets-space-inside",
      "severity": "error",
      "text": "Unexpected whitespace before \\"]\\" (selector-attribute-brackets-space-inside)",
    },
    Object {
      "rule": "selector-attribute-operator-space-after",
      "severity": "error",
      "text": "Unexpected whitespace after \\"=\\" (selector-attribute-operator-space-after)",
    },
    Object {
      "rule": "selector-attribute-quotes",
      "severity": "error",
      "text": "Expected quotes around \\"blank\\" (selector-attribute-quotes)",
    },
    Object {
      "rule": "selector-combinator-space-after",
      "severity": "error",
      "text": "Expected single space after \\">\\" (selector-combinator-space-after)",
    },
    Object {
      "rule": "selector-pseudo-class-parentheses-space-inside",
      "severity": "error",
      "text": "Unexpected whitespace after \\"(\\" (selector-pseudo-class-parentheses-space-inside)",
    },
    Object {
      "rule": "selector-pseudo-element-colon-notation",
      "severity": "error",
      "text": "Expected double colon pseudo-element notation (selector-pseudo-element-colon-notation)",
    },
    Object {
      "rule": "string-quotes",
      "severity": "error",
      "text": "Expected single quotes (string-quotes)",
    },
    Object {
      "rule": "unit-case",
      "severity": "error",
      "text": "Expected \\"PX\\" to be \\"px\\" (unit-case)",
    },
  ],
}
`;
